<?xml version="1.0" encoding="UTF-8"?>
<testsuites name="jest tests" tests="2" failures="1" time="2.628">
  <testsuite name="HelloWorld.vue" errors="0" failures="0" skipped="0" timestamp="2020-01-31T18:39:42" time="1.45" tests="1">
    <testcase classname="HelloWorld.vue renders props.msg when passed" name="HelloWorld.vue renders props.msg when passed" time="0.024">
    </testcase>
  </testsuite>
  <testsuite name="HelloWorld.vue" errors="0" failures="1" skipped="0" timestamp="2020-01-31T18:39:42" time="1.478" tests="1">
    <testcase classname="HelloWorld.vue renders props.msg when passed" name="HelloWorld.vue renders props.msg when passed" time="0.026">
      <failure>Error: expect(received).toMatch(expected)

Expected substring: &quot;new messagess&quot;
Received string:    &quot;new message·
    For a guide and recipes on how to configure / customize this project,
    check out the
    vue-cli documentation.
   Installed CLI Plugins babel router vuex eslint unit-jest e2e-nightwatch Essential Links Core Docs Forum Community Chat Twitter News Ecosystem vue-router vuex vue-devtools vue-loader awesome-vue&quot;
    at Object.it (/Users/innovation/projects/amplelabs/circle-ci-testing/tests/unit/example.spec.js:10:28)
    at Object.asyncJestTest (/Users/innovation/projects/amplelabs/circle-ci-testing/node_modules/jest-jasmine2/build/jasmineAsyncInstall.js:102:37)
    at resolve (/Users/innovation/projects/amplelabs/circle-ci-testing/node_modules/jest-jasmine2/build/queueRunner.js:43:12)
    at new Promise (&lt;anonymous&gt;)
    at mapper (/Users/innovation/projects/amplelabs/circle-ci-testing/node_modules/jest-jasmine2/build/queueRunner.js:26:19)
    at promise.then (/Users/innovation/projects/amplelabs/circle-ci-testing/node_modules/jest-jasmine2/build/queueRunner.js:73:41)
    at process._tickCallback (internal/process/next_tick.js:68:7)</failure>
    </testcase>
  </testsuite>
</testsuites>